// Jest Snapshot v1, https://goo.gl/fbAQLP

exports[`Home render Home correctly 1`] = `
<div>
  <div>
    <p>
      About page
    </p>
  </div>
</div>
`;
